---
source: crates/spotuify-tui/tests/viz_styles.rs
expression: describe(&buffer)
---
▒                                       
█ ▓                                     
█ █ █ ░                     ░           
█ █ █ █ ░                 ▒ █ ▓         
█ █ █ █ █ ░             ▒ █ █ █ ▓       
█ █ █ █ █ █ ░         ░ █ █ █ █ █ ▓     
█ █ █ █ █ █ █ ░     ░ █ █ █ █ █ █ █ ▓   
█ █ █ █ █ █ █ █ ▓ ▒ █ █ █ █ █ █ █ █ █ ▓ 

abbbbbbbbbbbbbbbbbbbbbbbbbbbbbbbbbbbbbbb
cbcbbbbbbbbbbbbbbbbbbbbbbbbbbbbbbbbbbbbb
cbcbcbcbbbbbbbbbbbbbbbbbbbbbcbbbbbbbbbbb
cbcbcbcbcbbbbbbbbbbbbbbbbbcbcbcbbbbbbbbb
dbdbdbdbdbdbbbbbbbbbbbbbdbdbdbdbdbbbbbbb
dbdbdbdbdbdbdbbbbbbbbbdbdbdbdbdbdbdbbbbb
dbdbdbdbdbdbdbdbbbbbdbdbdbdbdbdbdbdbdbbb
dbdbdbdbdbdbdbdbdbdbdbdbdbdbdbdbdbdbdbdb

a = Rgb(245, 88, 88)
b = Reset
c = Rgb(245, 185, 65)
d = Rgb(30, 215, 96)
