---
source: crates/spotuify-tui/tests/viz_styles.rs
expression: describe(&buffer)
---
ｮ    7ｷ                      5     ｯ6   
6    ｽ    ｰ             ｷ    ｮ     8ｭ   
ﾃ         ｺ             ｯ    ｶ   4 ﾃｷ   
ｰ        1ｻ             7  ｿ ｽ   ｯ ｭｬ   
         ｲｦ ｶ           ｺ  ｺ 5   ｷ 2    
  ｸ      ｨ  ｪ8          ｮ  ｴ     ｿ      
  ﾂ      2  1ｱ            ｨ9            
  7      ｽ  ﾂﾁ            43          5 

abbbbcdbbbbbbbbbbbbbbbbbbbbbbabbbbbaabbb
cbbbbdbbbbabbbbbbbbbbbbbabbbbabbbbbacbbb
cbbbbbbbbbcbbbbbbbbbbbbbabbbbcbbbabccbbb
dbbbbbbbbacbbbbbbbbbbbbbcbbabcbbbcbcdbbb
bbbbbbbbbadbabbbbbbbbbbbcbbabdbbbcbdbbbb
bbabbbbbbabbcabbbbbbbbbbdbbabbbbbdbbbbbb
bbcbbbbbbcbbcabbbbbbbbbbbbacbbbbbbbbbbbb
bbcbbbbbbcbbdcbbbbbbbbbbbbacbbbbbbbbbbab

a = Rgb(30, 215, 96)
b = Reset
c = Rgb(245, 185, 65)
d = Rgb(245, 88, 88)
