---
source: crates/spotuify-tui/tests/viz_styles.rs
expression: describe(&buffer)
---
▅▅                                      
██ ▃▃                                   
██ ██                   ▅▅              
██ ██ ██                ██ ▃▃           
██ ██ ██ ▂▂          ▆▆ ██ ██           
██ ██ ██ ██          ██ ██ ██ ▅▅        
██ ██ ██ ██ ▄▄    ▆▆ ██ ██ ██ ██        
██ ██ ██ ██ ██ ▃▃ ██ ██ ██ ██ ██ ▇▇     

aabbbbbbbbbbbbbbbbbbbbbbbbbbbbbbbbbbbbbb
ccbccbbbbbbbbbbbbbbbbbbbbbbbbbbbbbbbbbbb
ccbccbbbbbbbbbbbbbbbbbbbccbbbbbbbbbbbbbb
ccbccbccbbbbbbbbbbbbbbbbccbccbbbbbbbbbbb
ddbddbddbddbbbbbbbbbbddbddbddbbbbbbbbbbb
ddbddbddbddbbbbbbbbbbddbddbddbddbbbbbbbb
ddbddbddbddbddbbbbddbddbddbddbddbbbbbbbb
ddbddbddbddbddbddbddbddbddbddbddbddbbbbb

a = Rgb(245, 88, 88)
b = Reset
c = Rgb(245, 185, 65)
d = Rgb(30, 215, 96)
