---
source: crates/spotuify-tui/tests/viz_styles.rs
expression: describe(&buffer)
---
           ⠠⣀⠂⡀ ⢴⠔  ⢀⡠⣀⠄                
            ⡁⡠⠃ ⠐⠂⠁ ⢢⠋⣨⠂                
       ⢀⢔⡒⢄  ⢠⢤      ⠈              ⢀⣀  
       ⠘⢌⣀⠜  ⠈⠉  ⢀⣀⣀         ⢠⢪⠍⢢   ⠘⠚  
⣀                ⡇⠖ ⡇        ⠈⢢⢤⠊      ⡀
⠂⢱⣴⠖⡄            ⠑⠒⠒⠁     ⡠⠤⠤⡀⠑⠟⠁      ⠂
⠒⠁⠑⠒⠁   ⣠⡤⡀               ⡇⠋ ⡇   ⢠⡶⢢    
        ⠫⠤⠃              ⢰⡾⢻⠉    ⠈⠒⠊    

aaaaaaaaaaaaaaaaaaaaaaaaaaaaaaaaaaaaaaaa
aaaaaaaaaaaaaaaaaaaaaaaaaaaaaaaaaaaaaaaa
aaaaaaaaaaaaaaaaaaaaaaaaaaaaaaaaaaaaaaaa
aaaaaaaaaaaaaaaaaaaaaaaaaaaaaaaaaaaaaaaa
aaaaaaaaaaaaaaaaaaaaaaaaaaaaaaaaaaaaaaaa
aaaaaaaaaaaaaaaaaaaaaaaaaaaaaaaaaaaaaaaa
aaaaaaaaaaaaaaaaaaaaaaaaaaaaaaaaaaaaaaaa
aaaaaaaaaaaaaaaaaaaaaaaaaaaaaaaaaaaaaaaa

a = Reset
