---
source: crates/spotuify-tui/tests/viz_styles.rs
expression: describe(&buffer)
---
                ⢀⣀⣀⣀⣀⣀⣀⣀                
        ⣀⡤⠤⠒⠒⠉⠉⠉        ⠈⠉⠉⠑⠒⠢⠤⣄⡀       
     ⣠⠖⠋⠁    ⡀⡀⣀⡠ ⣀             ⠉⠓⢦⡀    
   ⢀⡾⠁       ⠁⠿⣿⣿⣿⣿⣿⣷⣮⣲⣠⣤⣤⣤⣴⣦⣶⣴⠤   ⠹⣆   
   ⠘⣧         ⠈⠑⠙⠻⣻⣿⣿⣿⣿⣿⣿⣿⣿⣿⠿⠻⠹    ⢠⡟   
    ⠈⠳⣄⡀             ⠁⠉⠉⠙⠉⠁      ⣀⡴⠋    
       ⠉⠓⠦⠤⣀⣀              ⢀⣀⡠⠤⠖⠋⠁      
             ⠉⠉⠉⠐⠒⠒⠒⠒⠒⠒⠒⠈⠉⠉⠁            

aaaaaaaaaaaaaaaabbbbbbbbaaaaaaaaaaaaaaaa
aaaaaaaabbbbbbbbaaaaaaaabbbbbbbbbaaaaaaa
aaaaabbbbaaaabbbbabaaaaaaaaaaaaabbbbaaaa
aaabbbaaaaaaabbbbbbbbbbbbbbbbbbbaaabbaaa
aaabbaaaaaaaaabbbbbbbbbbbbbbbbbaaaabbaaa
aaaabbbbaaaaaaaaaaaaabbbbbbaaaaaabbbaaaa
aaaaaaabbbbbbaaaaaaaaaaaaaabbbbbbbaaaaaa
aaaaaaaaaaaaabbbbbbbbbbbbbbbaaaaaaaaaaaa

a = Reset
b = Rgb(245, 88, 88)
