---
source: crates/spotuify-tui/tests/viz_styles.rs
expression: describe(&buffer)
---
⡵⡠⠈ ⡋⠉⡀ ⠈⢐⣁ ⢐             ⡒⠁ ⡘⡄ ⡀       
⢮⣋⣖ ⠿⡖⡐ ⠁⠎⠠   ⠢           ⠸⠐ ⠄  ⠙⠈ ⡀    
⡍⡿⢣ ⠅⡅⡴ ⠡ ⠁ ⠓⠈            ⢀⠂ ⡅⠔ ⡐⠄     ⠁
⣜⢊⣍ ⡼⡱⡃ ⢂ ⠆ ⢂ ⠈           ⡀⠁ ⠢⠐ ⠩⡀ ⢀    
⡻⡭⣛ ⣅⠱⣬ ⠠⡚⣃   ⠆ ⠠            ⡠⢰ ⡐       
⣓⣙⠿ ⡸⠁⣵ ⠂⡓⣃ ⢀⠒⠈   ⠐       ⠆⣰ ⠑⣢ ⣈⠃      
⣟⣔⣯ ⠾⣒⡧ ⣐ ⡰ ⠡⠉  ⠐         ⠤⠸ ⡖⣲ ⠃⠂ ⢖    
⣷⢾⣿ ⠱⢻⡃ ⠉⠁⠣ ⠖⠠⣄        ⠐     ⣣⢕ ⠒⢁ ⠁⠄   

aaabaaabaaababbbbbbbbbbbbbaabaababbbbbbb
cccbcccbcccbbbcbbbbbbbbbbbccbcbbccbcbbbb
cccbcccbcbcbccbbbbbbbbbbbbccbccbccbbbbbc
cccbcccbcbcbcbcbbbbbbbbbbbccbccbccbcbbbb
dddbdddbdddbbbdbdbbbbbbbbbbbbddbdbbbbbbb
dddbdddbdddbdddbbbdbbbbbbbddbddbddbbbbbb
dddbdddbdbdbddbbdbbbbbbbbbddbddbddbdbbbb
dddbdddbdddbdddbbbbbbbbdbbbbbddbddbddbbb

a = Rgb(245, 88, 88)
b = Reset
c = Rgb(245, 185, 65)
d = Rgb(30, 215, 96)
