---
source: crates/spotuify-tui/tests/viz_styles.rs
expression: describe(&buffer)
---
                                        
                                        
              ⣀⣠⠤⢤⡴⡒⠒⠲⠤⠤⢤⣀⡀             
           ⢠⣶⠛⠿⣿⣿⣿⣿⣿⣿⣶⣆⣤⣴⣶⣿⣿⣷⣾⣿⠅        
           ⠸⣷⡀⠈⠉⠛⠛⢛⡿⢿⣿⣿⣿⣿⣿⡿⣿⡿⠟⠅         
             ⠉⠓⠲⠤⠤⢤⣀⣀⣠⠬⠥⠵⠚⠋⠁            
                                        
                                        

aaaaaaaaaaaaaaaaaaaaaaaaaaaaaaaaaaaaaaaa
aaaaaaaaaaaaaaaaaaaaaaaaaaaaaaaaaaaaaaaa
aaaaaaaaaaaaaabbbbbbbbbbbbbaaaaaaaaaaaaa
aaaaaaaaaaabbbbbbbbbbbbbbbbbbbbbaaaaaaaa
aaaaaaaaaaabbbbbbbbbbbbbbbbbbbbaaaaaaaaa
aaaaaaaaaaaaabbbbbbbbbbbbbbbaaaaaaaaaaaa
aaaaaaaaaaaaaaaaaaaaaaaaaaaaaaaaaaaaaaaa
aaaaaaaaaaaaaaaaaaaaaaaaaaaaaaaaaaaaaaaa

a = Reset
b = Rgb(245, 88, 88)
