---
source: tests/cli_help.rs
expression: normalize_help_output(&stdout)
---
Unfollow (effectively delete) a playlist you own.

Some providers model deletion as the owner unfollowing a playlist. This is not reversible — the playlist and its track list are gone from your library.

Usage: spotuify playlist unfollow [OPTIONS] <PLAYLIST>

Arguments:
  <PLAYLIST>
          Playlist ID, URI, or exact name

Options:
      --log-format <LOG_FORMAT>
          Phase 13 (P13-A) — pick the daemon log format for this run. Also honoured via `SPOTUIFY_LOG_FORMAT`

          [possible values: text, json]

      --yes
          Commit the unfollow without an interactive prompt

      --no-daemon-start
          Phase 13 (P13-H) — if set, the CLI never auto-starts the daemon. Errors with a clear hint when the daemon socket is missing

      --provider <PROVIDER>
          Provider to target (defaults to the daemon's default provider)

      --format <FORMAT>
          Output format for the mutation receipt

          [default: table]
          [possible values: table, json, jsonl, csv, ids]

  -o, --set <key.path=value>
          Phase 13 (P13-H) — one-shot TOML override (e.g. `-o player.bitrate=160`). Repeatable. Applies for this invocation only; the config file on disk is unchanged

  -h, --help
          Print help (see a summary with '-h')
