---
source: tests/cli_help.rs
expression: normalize_help_output(&stdout)
---
Search a provider catalog or the local cache

Usage: spotuify search [OPTIONS] <QUERY>

Arguments:
  <QUERY>
          Search query

Options:
      --log-format <LOG_FORMAT>
          Phase 13 (P13-A) — pick the daemon log format for this run. Also honoured via `SPOTUIFY_LOG_FORMAT`

          [possible values: text, json]

      --type <KIND>
          Media type to search

          [default: all]
          [possible values: all, track, episode, show, album, artist, playlist]

      --no-daemon-start
          Phase 13 (P13-H) — if set, the CLI never auto-starts the daemon. Errors with a clear hint when the daemon socket is missing

      --source <SOURCE>
          Where to search. `remote` queries the selected provider catalog. `local` queries only the local Tantivy index (offline / library lookup). `hybrid` returns local cached hits and refreshes the provider in the background

          Possible values:
          - local
          - remote: Remote provider catalog. `spotify` is accepted as a legacy alias
          - hybrid

          [default: remote]

  -o, --set <key.path=value>
          Phase 13 (P13-H) — one-shot TOML override (e.g. `-o player.bitrate=160`). Repeatable. Applies for this invocation only; the config file on disk is unchanged

      --provider <PROVIDER>
          Provider adapter to search

      --limit <LIMIT>
          Maximum results to return (the selected provider may clamp this)

          [default: 50]

      --pages <PAGES>
          Pages of 10 to request per media type. `1` = one-shot (current behavior, up to 60 items). `2`-`3` aggregate pages via `SearchStream` before printing; `3` matches the TUI fanout (up to 180 items) and is the maximum — higher values clamp

          [default: 1]

      --play
          Play one result instead of printing results

      --index <INDEX>
          1-based search result index for --play

          [default: 1]

      --sort <SORT>
          Sort results (relevance keeps provider order)

          Possible values:
          - relevance
          - name
          - duration
          - artist
          - date:      Newest release first (episodes/shows)

          [default: relevance]

      --format <FORMAT>
          Output format

          [default: table]
          [possible values: table, json, jsonl, csv, ids]

  -h, --help
          Print help (see a summary with '-h')
